AR hextosevenseg structural C:/Users/Kevin/Desktop/VGA/VGA/../kjb5568_rjl5336_library/hextosevenseg.vhd sub00/vhpl19 1449036795
AR counter_nbit behavioral C:/Users/Kevin/Desktop/VGA/VGA/../kjb5568_rjl5336_library/Counter_nbit.vhd sub00/vhpl03 1449036793
PB kjb5568_rjl5336_components kjb5568_rjl5336_components C:/Users/Kevin/Desktop/VGA/VGA/../kjb5568_rjl5336_library/kjb5568_rjl5336_components.vhd sub00/vhpl01 1449036791
EN wordto8dig7seg NULL C:/Users/Kevin/Desktop/VGA/VGA/../kjb5568_rjl5336_library/numeric_display.vhd sub00/vhpl24 1449036808
AR lst structural C:/Users/Kevin/Desktop/VGA/VGA/../kjb5568_rjl5336_library/LST.vhd sub00/vhpl09 1449036805
AR debouncer behavioral C:/Users/Kevin/Desktop/VGA/VGA/../kjb5568_rjl5336_library/Debouncer.vhd sub00/vhpl21 1449036803
AR counterupdown_nbit behavioral C:/Users/Kevin/Desktop/VGA/VGA/../kjb5568_rjl5336_library/counterupdown_nbit.vhd sub00/vhpl23 1449036807
EN fulladder NULL C:/Users/Kevin/Desktop/VGA/VGA/../kjb5568_rjl5336_library/FullAdder.vhd sub00/vhpl16 1449036788
EN ripple_carry_adder NULL C:/Users/Kevin/Desktop/VGA/VGA/../kjb5568_rjl5336_library/rippe_carry_adder.vhd sub00/vhpl26 1449036812
EN up_down_with_input_nbit NULL C:/Users/Kevin/Desktop/Lab08/lab08_kjb5568_rjl5336/../kjb5568_rjl5336_library/Up_down_with_input_nbit.vhd sub00/vhpl14 1445821606
EN pulse_gen NULL C:/Users/Kevin/Desktop/VGA/VGA/../kjb5568_rjl5336_library/pulse_gen.vhd sub00/vhpl10 1449036810
AR up_down_with_input_nbit behavioral C:/Users/Kevin/Desktop/Lab08/lab08_kjb5568_rjl5336/../kjb5568_rjl5336_library/Up_down_with_input_nbit.vhd sub00/vhpl15 1445821607
PH kjb5568_rjl5336_components NULL C:/Users/Kevin/Desktop/VGA/VGA/../kjb5568_rjl5336_library/kjb5568_rjl5336_components.vhd sub00/vhpl00 1449036790
AR ripple_carry_adder structural C:/Users/Kevin/Desktop/VGA/VGA/../kjb5568_rjl5336_library/rippe_carry_adder.vhd sub00/vhpl27 1449036813
EN counterupdown_nbit NULL C:/Users/Kevin/Desktop/VGA/VGA/../kjb5568_rjl5336_library/counterupdown_nbit.vhd sub00/vhpl22 1449036806
AR fulladder dataflow C:/Users/Kevin/Desktop/VGA/VGA/../kjb5568_rjl5336_library/FullAdder.vhd sub00/vhpl17 1449036789
AR pulse_gen behavioral C:/Users/Kevin/Desktop/VGA/VGA/../kjb5568_rjl5336_library/pulse_gen.vhd sub00/vhpl11 1449036811
EN lst NULL C:/Users/Kevin/Desktop/VGA/VGA/../kjb5568_rjl5336_library/LST.vhd sub00/vhpl08 1449036804
EN compareequ NULL C:/Users/Kevin/Desktop/VGA/VGA/../kjb5568_rjl5336_library/CompareEQU.vhd sub00/vhpl04 1449036798
AR compareequ structural C:/Users/Kevin/Desktop/VGA/VGA/../kjb5568_rjl5336_library/CompareEQU.vhd sub00/vhpl05 1449036799
EN hextosevenseg NULL C:/Users/Kevin/Desktop/VGA/VGA/../kjb5568_rjl5336_library/hextosevenseg.vhd sub00/vhpl18 1449036794
AR wordto8dig7seg behavioral C:/Users/Kevin/Desktop/VGA/VGA/../kjb5568_rjl5336_library/numeric_display.vhd sub00/vhpl25 1449036809
AR comparegrt structural C:/Users/Kevin/Desktop/VGA/VGA/../kjb5568_rjl5336_library/CompareGRT.vhd sub00/vhpl13 1449036801
EN debouncer NULL C:/Users/Kevin/Desktop/VGA/VGA/../kjb5568_rjl5336_library/Debouncer.vhd sub00/vhpl20 1449036802
EN counter_nbit NULL C:/Users/Kevin/Desktop/VGA/VGA/../kjb5568_rjl5336_library/Counter_nbit.vhd sub00/vhpl02 1449036792
EN comparegrt NULL C:/Users/Kevin/Desktop/VGA/VGA/../kjb5568_rjl5336_library/CompareGRT.vhd sub00/vhpl12 1449036800
EN dff_ce NULL C:/Users/Kevin/Desktop/VGA/VGA/../kjb5568_rjl5336_library/DFF_enable.vhd sub00/vhpl06 1449036796
AR dff_ce behavioral C:/Users/Kevin/Desktop/VGA/VGA/../kjb5568_rjl5336_library/DFF_enable.vhd sub00/vhpl07 1449036797
