V3 79
FL C:/Users/kalvi_000/Desktop/Lab08/lab08_kjb5568_rjl5336/../kjb5568_rjl5336_library/CompareEQU.vhd 2015/10/21.15:26:30 P.20131013
FL C:/Users/kalvi_000/Desktop/Lab08/lab08_kjb5568_rjl5336/../kjb5568_rjl5336_library/CompareGRT.vhd 2015/10/24.16:51:38 P.20131013
FL C:/Users/kalvi_000/Desktop/Lab08/lab08_kjb5568_rjl5336/../kjb5568_rjl5336_library/Counter_nbit.vhd 2015/09/29.01:21:09 P.20131013
FL C:/Users/kalvi_000/Desktop/Lab08/lab08_kjb5568_rjl5336/../kjb5568_rjl5336_library/DFF_enable.vhd 2015/09/28.14:31:31 P.20131013
FL C:/Users/kalvi_000/Desktop/Lab08/lab08_kjb5568_rjl5336/../kjb5568_rjl5336_library/kjb5568_rjl5336_components.vhd 2015/10/19.20:34:56 P.20131013
FL C:/Users/kalvi_000/Desktop/Lab08/lab08_kjb5568_rjl5336/../kjb5568_rjl5336_library/LST.vhd 2015/10/24.16:51:30 P.20131013
FL C:/Users/kalvi_000/Desktop/Lab08/lab08_kjb5568_rjl5336/../kjb5568_rjl5336_library/pulse_gen.vhd 2015/09/28.14:31:31 P.20131013
FL C:/Users/Kevin/Desktop/Lab08/lab08_kjb5568_rjl5336/../kjb5568_rjl5336_library/Up_down_with_input_nbit.vhd 2015/10/25.21:04:18 P.20131013
EN kjb5568_rjl5336_library/Up_down_with_input_nbit 1445821606 \
      FL C:/Users/Kevin/Desktop/Lab08/lab08_kjb5568_rjl5336/../kjb5568_rjl5336_library/Up_down_with_input_nbit.vhd \
      PB ieee/std_logic_1164 1381692176 PB ieee/NUMERIC_STD 1381692181
AR kjb5568_rjl5336_library/Up_down_with_input_nbit/Behavioral 1445821607 \
      FL C:/Users/Kevin/Desktop/Lab08/lab08_kjb5568_rjl5336/../kjb5568_rjl5336_library/Up_down_with_input_nbit.vhd \
      EN kjb5568_rjl5336_library/Up_down_with_input_nbit 1445821606
FL C:/Users/Kevin/Desktop/VGA/VGA/../kjb5568_rjl5336_library/CompareEQU.vhd 2015/10/21.21:21:23 P.20131013
EN kjb5568_rjl5336_library/CompareEQU 1449036798 \
      FL C:/Users/Kevin/Desktop/VGA/VGA/../kjb5568_rjl5336_library/CompareEQU.vhd \
      PB ieee/std_logic_1164 1381692176 PB ieee/NUMERIC_STD 1381692181
AR kjb5568_rjl5336_library/CompareEQU/structural 1449036799 \
      FL C:/Users/Kevin/Desktop/VGA/VGA/../kjb5568_rjl5336_library/CompareEQU.vhd \
      EN kjb5568_rjl5336_library/CompareEQU 1449036798
FL C:/Users/Kevin/Desktop/VGA/VGA/../kjb5568_rjl5336_library/CompareGRT.vhd 2015/10/25.17:24:59 P.20131013
EN kjb5568_rjl5336_library/CompareGRT 1449036800 \
      FL C:/Users/Kevin/Desktop/VGA/VGA/../kjb5568_rjl5336_library/CompareGRT.vhd \
      PB ieee/std_logic_1164 1381692176 PB ieee/NUMERIC_STD 1381692181
AR kjb5568_rjl5336_library/CompareGRT/structural 1449036801 \
      FL C:/Users/Kevin/Desktop/VGA/VGA/../kjb5568_rjl5336_library/CompareGRT.vhd \
      EN kjb5568_rjl5336_library/CompareGRT 1449036800
FL C:/Users/Kevin/Desktop/VGA/VGA/../kjb5568_rjl5336_library/counterupdown_nbit.vhd 2015/10/26.14:17:31 P.20131013
EN kjb5568_rjl5336_library/CounterUpDown_nbit 1449036806 \
      FL C:/Users/Kevin/Desktop/VGA/VGA/../kjb5568_rjl5336_library/counterupdown_nbit.vhd \
      PB ieee/std_logic_1164 1381692176 PB ieee/NUMERIC_STD 1381692181
AR kjb5568_rjl5336_library/counterupdown_nbit/Behavioral 1449036807 \
      FL C:/Users/Kevin/Desktop/VGA/VGA/../kjb5568_rjl5336_library/counterupdown_nbit.vhd \
      EN kjb5568_rjl5336_library/CounterUpDown_nbit 1449036806
FL C:/Users/Kevin/Desktop/VGA/VGA/../kjb5568_rjl5336_library/Counter_nbit.vhd 2015/10/21.21:21:23 P.20131013
EN kjb5568_rjl5336_library/Counter_nbit 1449036792 \
      FL C:/Users/Kevin/Desktop/VGA/VGA/../kjb5568_rjl5336_library/Counter_nbit.vhd \
      PB ieee/std_logic_1164 1381692176 PB ieee/NUMERIC_STD 1381692181
AR kjb5568_rjl5336_library/Counter_nbit/Behavioral 1449036793 \
      FL C:/Users/Kevin/Desktop/VGA/VGA/../kjb5568_rjl5336_library/Counter_nbit.vhd \
      EN kjb5568_rjl5336_library/Counter_nbit 1449036792
FL C:/Users/Kevin/Desktop/VGA/VGA/../kjb5568_rjl5336_library/Debouncer.vhd 2015/10/21.21:21:23 P.20131013
EN kjb5568_rjl5336_library/Debouncer 1449036802 \
      FL C:/Users/Kevin/Desktop/VGA/VGA/../kjb5568_rjl5336_library/Debouncer.vhd \
      PB ieee/std_logic_1164 1381692176 LB kjb5568_rjl5336_library \
      PB kjb5568_rjl5336_library/kjb5568_rjl5336_Components 1449036791
AR kjb5568_rjl5336_library/Debouncer/Behavioral 1449036803 \
      FL C:/Users/Kevin/Desktop/VGA/VGA/../kjb5568_rjl5336_library/Debouncer.vhd \
      EN kjb5568_rjl5336_library/Debouncer 1449036802 CP DFF_CE
FL C:/Users/Kevin/Desktop/VGA/VGA/../kjb5568_rjl5336_library/DFF_enable.vhd 2015/10/21.21:21:23 P.20131013
EN kjb5568_rjl5336_library/DFF_CE 1449036796 \
      FL C:/Users/Kevin/Desktop/VGA/VGA/../kjb5568_rjl5336_library/DFF_enable.vhd \
      PB ieee/std_logic_1164 1381692176
AR kjb5568_rjl5336_library/DFF_CE/Behavioral 1449036797 \
      FL C:/Users/Kevin/Desktop/VGA/VGA/../kjb5568_rjl5336_library/DFF_enable.vhd \
      EN kjb5568_rjl5336_library/DFF_CE 1449036796
FL C:/Users/Kevin/Desktop/VGA/VGA/../kjb5568_rjl5336_library/FullAdder.vhd 2015/10/21.21:21:23 P.20131013
EN kjb5568_rjl5336_library/FullAdder 1449036788 \
      FL C:/Users/Kevin/Desktop/VGA/VGA/../kjb5568_rjl5336_library/FullAdder.vhd \
      PB ieee/std_logic_1164 1381692176
AR kjb5568_rjl5336_library/FullAdder/Dataflow 1449036789 \
      FL C:/Users/Kevin/Desktop/VGA/VGA/../kjb5568_rjl5336_library/FullAdder.vhd \
      EN kjb5568_rjl5336_library/FullAdder 1449036788
FL C:/Users/Kevin/Desktop/VGA/VGA/../kjb5568_rjl5336_library/hextosevenseg.vhd 2015/10/21.21:21:23 P.20131013
EN kjb5568_rjl5336_library/hextosevenseg 1449036794 \
      FL C:/Users/Kevin/Desktop/VGA/VGA/../kjb5568_rjl5336_library/hextosevenseg.vhd \
      PB ieee/std_logic_1164 1381692176
AR kjb5568_rjl5336_library/hextosevenseg/structural 1449036795 \
      FL C:/Users/Kevin/Desktop/VGA/VGA/../kjb5568_rjl5336_library/hextosevenseg.vhd \
      EN kjb5568_rjl5336_library/hextosevenseg 1449036794
FL C:/Users/Kevin/Desktop/VGA/VGA/../kjb5568_rjl5336_library/kjb5568_rjl5336_components.vhd 2015/10/25.22:27:50 P.20131013
PH kjb5568_rjl5336_library/kjb5568_rjl5336_Components 1449036790 \
      FL C:/Users/Kevin/Desktop/VGA/VGA/../kjb5568_rjl5336_library/kjb5568_rjl5336_components.vhd \
      PB ieee/std_logic_1164 1381692176 CD FullAdder CD AdderSubtractor_nbit \
      CD CompareEQU CD CompareGRT CD maximum CD LST CD minimum CD Average CD mux4to1 \
      CD threeto8encoder CD hextosevenseg CD Counter_nbit CD CounterUpDown_nbit \
      CD Reg_nbit CD DFF CD DFF_CE CD counter50mhz CD counter16hz CD OneShot \
      CD Debouncer CD Shift_Register CD WordTo8dig7seg CD pulse_gen \
      CD Up_down_with_input_nbit CD Ripple_Carry_Adder
PB kjb5568_rjl5336_library/kjb5568_rjl5336_Components 1449036791 \
      FL C:/Users/Kevin/Desktop/VGA/VGA/../kjb5568_rjl5336_library/kjb5568_rjl5336_components.vhd \
      PH kjb5568_rjl5336_library/kjb5568_rjl5336_Components 1449036790
FL C:/Users/Kevin/Desktop/VGA/VGA/../kjb5568_rjl5336_library/LST.vhd 2015/10/25.17:24:59 P.20131013
EN kjb5568_rjl5336_library/LST 1449036804 \
      FL C:/Users/Kevin/Desktop/VGA/VGA/../kjb5568_rjl5336_library/LST.vhd \
      PB ieee/std_logic_1164 1381692176 PB ieee/NUMERIC_STD 1381692181
AR kjb5568_rjl5336_library/LST/structural 1449036805 \
      FL C:/Users/Kevin/Desktop/VGA/VGA/../kjb5568_rjl5336_library/LST.vhd \
      EN kjb5568_rjl5336_library/LST 1449036804
FL C:/Users/Kevin/Desktop/VGA/VGA/../kjb5568_rjl5336_library/numeric_display.vhd 2015/10/21.21:21:23 P.20131013
EN kjb5568_rjl5336_library/WordTo8dig7seg 1449036808 \
      FL C:/Users/Kevin/Desktop/VGA/VGA/../kjb5568_rjl5336_library/numeric_display.vhd \
      PB ieee/std_logic_1164 1381692176 PB ieee/NUMERIC_STD 1381692181 \
      LB kjb5568_rjl5336_library \
      PB kjb5568_rjl5336_library/kjb5568_rjl5336_Components 1449036791
AR kjb5568_rjl5336_library/WordTo8dig7seg/Behavioral 1449036809 \
      FL C:/Users/Kevin/Desktop/VGA/VGA/../kjb5568_rjl5336_library/numeric_display.vhd \
      EN kjb5568_rjl5336_library/WordTo8dig7seg 1449036808 CP counter_nbit \
      CP hextosevenseg
FL C:/Users/Kevin/Desktop/VGA/VGA/../kjb5568_rjl5336_library/pulse_gen.vhd 2015/10/21.21:21:23 P.20131013
EN kjb5568_rjl5336_library/pulse_gen 1449036810 \
      FL C:/Users/Kevin/Desktop/VGA/VGA/../kjb5568_rjl5336_library/pulse_gen.vhd \
      PB ieee/std_logic_1164 1381692176 PB ieee/NUMERIC_STD 1381692181 \
      LB kjb5568_rjl5336_library \
      PB kjb5568_rjl5336_library/kjb5568_rjl5336_Components 1449036791
AR kjb5568_rjl5336_library/pulse_gen/Behavioral 1449036811 \
      FL C:/Users/Kevin/Desktop/VGA/VGA/../kjb5568_rjl5336_library/pulse_gen.vhd \
      EN kjb5568_rjl5336_library/pulse_gen 1449036810
FL C:/Users/Kevin/Desktop/VGA/VGA/../kjb5568_rjl5336_library/rippe_carry_adder.vhd 2015/10/21.21:21:23 P.20131013
EN kjb5568_rjl5336_library/Ripple_Carry_Adder 1449036812 \
      FL C:/Users/Kevin/Desktop/VGA/VGA/../kjb5568_rjl5336_library/rippe_carry_adder.vhd \
      PB ieee/std_logic_1164 1381692176
AR kjb5568_rjl5336_library/Ripple_Carry_Adder/Structural 1449036813 \
      FL C:/Users/Kevin/Desktop/VGA/VGA/../kjb5568_rjl5336_library/rippe_carry_adder.vhd \
      EN kjb5568_rjl5336_library/Ripple_Carry_Adder 1449036812 CP FullAdder
