Release 14.7 - xst P.20131013 (nt64)
Copyright (c) 1995-2013 Xilinx, Inc.  All rights reserved.
--> Parameter TMPDIR set to xst/projnav.tmp


Total REAL time to Xst completion: 0.00 secs
Total CPU time to Xst completion: 0.09 secs
 
--> Parameter xsthdpdir set to xst


Total REAL time to Xst completion: 0.00 secs
Total CPU time to Xst completion: 0.09 secs
 
--> Reading design: Lab08_kjb5568_rjl5336.prj

TABLE OF CONTENTS
  1) Synthesis Options Summary
  2) HDL Parsing
  3) HDL Elaboration
  4) HDL Synthesis
       4.1) HDL Synthesis Report
  5) Advanced HDL Synthesis
       5.1) Advanced HDL Synthesis Report
  6) Low Level Synthesis
  7) Partition Report
  8) Design Summary
       8.1) Primitive and Black Box Usage
       8.2) Device utilization summary
       8.3) Partition Resource Summary
       8.4) Timing Report
            8.4.1) Clock Information
            8.4.2) Asynchronous Control Signals Information
            8.4.3) Timing Summary
            8.4.4) Timing Details
            8.4.5) Cross Clock Domains Report


=========================================================================
*                      Synthesis Options Summary                        *
=========================================================================
---- Source Parameters
Input File Name                    : "Lab08_kjb5568_rjl5336.prj"
Ignore Synthesis Constraint File   : NO

---- Target Parameters
Output File Name                   : "Lab08_kjb5568_rjl5336"
Output Format                      : NGC
Target Device                      : xc7a100t-1-csg324

---- Source Options
Top Module Name                    : Lab08_kjb5568_rjl5336
Automatic FSM Extraction           : YES
FSM Encoding Algorithm             : Auto
Safe Implementation                : No
FSM Style                          : LUT
RAM Extraction                     : Yes
RAM Style                          : Auto
ROM Extraction                     : Yes
Shift Register Extraction          : YES
ROM Style                          : Auto
Resource Sharing                   : YES
Asynchronous To Synchronous        : NO
Shift Register Minimum Size        : 2
Use DSP Block                      : Auto
Automatic Register Balancing       : No

---- Target Options
LUT Combining                      : Auto
Reduce Control Sets                : Auto
Add IO Buffers                     : YES
Global Maximum Fanout              : 100000
Add Generic Clock Buffer(BUFG)     : 32
Register Duplication               : YES
Optimize Instantiated Primitives   : NO
Use Clock Enable                   : Auto
Use Synchronous Set                : Auto
Use Synchronous Reset              : Auto
Pack IO Registers into IOBs        : Auto
Equivalent register Removal        : YES

---- General Options
Optimization Goal                  : Speed
Optimization Effort                : 1
Power Reduction                    : NO
Keep Hierarchy                     : No
Netlist Hierarchy                  : As_Optimized
RTL Output                         : Yes
Global Optimization                : AllClockNets
Read Cores                         : YES
Write Timing Constraints           : NO
Cross Clock Analysis               : NO
Hierarchy Separator                : /
Bus Delimiter                      : <>
Case Specifier                     : Maintain
Slice Utilization Ratio            : 100
BRAM Utilization Ratio             : 100
DSP48 Utilization Ratio            : 100
Auto BRAM Packing                  : NO
Slice Utilization Ratio Delta      : 5

=========================================================================


=========================================================================
*                          HDL Parsing                                  *
=========================================================================
Parsing VHDL file "C:\Users\kalvi_000\Desktop\Lab08\kjb5568_rjl5336_library\kjb5568_rjl5336_components.vhd" into library kjb5568_rjl5336_library
Parsing package <kjb5568_rjl5336_Components>.
Parsing package body <kjb5568_rjl5336_Components>.
Parsing VHDL file "C:\Users\kalvi_000\Desktop\Lab08\kjb5568_rjl5336_library\pulse_gen.vhd" into library kjb5568_rjl5336_library
Parsing entity <pulse_gen>.
Parsing architecture <Behavioral> of entity <pulse_gen>.
Parsing VHDL file "C:\Users\kalvi_000\Desktop\Lab08\kjb5568_rjl5336_library\LST.vhd" into library kjb5568_rjl5336_library
Parsing entity <LST>.
Parsing architecture <structural> of entity <lst>.
Parsing VHDL file "C:\Users\kalvi_000\Desktop\Lab08\kjb5568_rjl5336_library\DFF_enable.vhd" into library kjb5568_rjl5336_library
Parsing entity <DFF_CE>.
Parsing architecture <Behavioral> of entity <dff_ce>.
Parsing VHDL file "C:\Users\kalvi_000\Desktop\Lab08\kjb5568_rjl5336_library\Counter_nbit.vhd" into library kjb5568_rjl5336_library
Parsing entity <Counter_nbit>.
Parsing architecture <Behavioral> of entity <counter_nbit>.
Parsing VHDL file "C:\Users\kalvi_000\Desktop\Lab08\kjb5568_rjl5336_library\CompareGRT.vhd" into library kjb5568_rjl5336_library
Parsing entity <CompareGRT>.
Parsing architecture <structural> of entity <comparegrt>.
Parsing VHDL file "C:\Users\kalvi_000\Desktop\Lab08\kjb5568_rjl5336_library\CompareEQU.vhd" into library kjb5568_rjl5336_library
Parsing entity <CompareEQU>.
Parsing architecture <structural> of entity <compareequ>.
Parsing VHDL file "C:\Users\kalvi_000\Desktop\Lab08\lab08_kjb5568_rjl5336\VGA_Control.vhd" into library work
Parsing entity <VGA_Control>.
Parsing architecture <Behavioral> of entity <vga_control>.
Parsing VHDL file "C:\Users\kalvi_000\Desktop\Lab08\lab08_kjb5568_rjl5336\Lab08_kjb5568_rjl5336.vhd" into library work
Parsing entity <Lab08_kjb5568_rjl5336>.
Parsing architecture <Structural> of entity <lab08_kjb5568_rjl5336>.

=========================================================================
*                            HDL Elaboration                            *
=========================================================================

Elaborating entity <Lab08_kjb5568_rjl5336> (architecture <Structural>) from library <work>.

Elaborating entity <VGA_Control> (architecture <Behavioral>) from library <work>.

Elaborating entity <pulse_gen> (architecture <Behavioral>) with generics from library <kjb5568_rjl5336_library>.

Elaborating entity <Counter_nbit> (architecture <Behavioral>) with generics from library <kjb5568_rjl5336_library>.

Elaborating entity <CompareEQU> (architecture <structural>) with generics from library <kjb5568_rjl5336_library>.

Elaborating entity <LST> (architecture <structural>) with generics from library <kjb5568_rjl5336_library>.

Elaborating entity <CompareGRT> (architecture <structural>) with generics from library <kjb5568_rjl5336_library>.

Elaborating entity <DFF_CE> (architecture <Behavioral>) from library <kjb5568_rjl5336_library>.

=========================================================================
*                           HDL Synthesis                               *
=========================================================================

Synthesizing Unit <Lab08_kjb5568_rjl5336>.
    Related source file is "C:\Users\kalvi_000\Desktop\Lab08\lab08_kjb5568_rjl5336\Lab08_kjb5568_rjl5336.vhd".
WARNING:Xst:647 - Input <Switch<15:12>> is never used. This port will be preserved and left unconnected if it belongs to a top-level block or it belongs to a sub-block and the hierarchy of this sub-block is preserved.
INFO:Xst:3210 - "C:\Users\kalvi_000\Desktop\Lab08\lab08_kjb5568_rjl5336\Lab08_kjb5568_rjl5336.vhd" line 49: Output port <X_out> of the instance <Inst_VGA_Control> is unconnected or connected to loadless signal.
INFO:Xst:3210 - "C:\Users\kalvi_000\Desktop\Lab08\lab08_kjb5568_rjl5336\Lab08_kjb5568_rjl5336.vhd" line 49: Output port <Y_out> of the instance <Inst_VGA_Control> is unconnected or connected to loadless signal.
    Summary:
	no macro.
Unit <Lab08_kjb5568_rjl5336> synthesized.

Synthesizing Unit <VGA_Control>.
    Related source file is "C:\Users\kalvi_000\Desktop\Lab08\lab08_kjb5568_rjl5336\VGA_Control.vhd".
    Summary:
	inferred   1 Multiplexer(s).
Unit <VGA_Control> synthesized.

Synthesizing Unit <pulse_gen>.
    Related source file is "C:\Users\kalvi_000\Desktop\Lab08\kjb5568_rjl5336_library\pulse_gen.vhd".
        n = 3
        maxCount = 3
    Found 3-bit register for signal <count>.
    Found 3-bit adder for signal <count[2]_count[2]_mux_1_OUT> created at line 1241.
    Summary:
	inferred   1 Adder/Subtractor(s).
	inferred   3 D-type flip-flop(s).
Unit <pulse_gen> synthesized.

Synthesizing Unit <Counter_nbit>.
    Related source file is "C:\Users\kalvi_000\Desktop\Lab08\kjb5568_rjl5336_library\Counter_nbit.vhd".
        n = 10
    Found 10-bit register for signal <count>.
    Found 10-bit adder for signal <count[9]_GND_9_o_add_0_OUT> created at line 1241.
    Summary:
	inferred   1 Adder/Subtractor(s).
	inferred  10 D-type flip-flop(s).
Unit <Counter_nbit> synthesized.

Synthesizing Unit <CompareEQU>.
    Related source file is "C:\Users\kalvi_000\Desktop\Lab08\kjb5568_rjl5336_library\CompareEQU.vhd".
        n = 10
    Found 10-bit comparator equal for signal <EQU> created at line 27
    Summary:
	inferred   1 Comparator(s).
Unit <CompareEQU> synthesized.

Synthesizing Unit <LST>.
    Related source file is "C:\Users\kalvi_000\Desktop\Lab08\kjb5568_rjl5336_library\LST.vhd".
        n = 10
    Found 10-bit comparator greater for signal <A[9]_B[9]_LessThan_1_o> created at line 27
    Found 10-bit comparator lessequal for signal <B[9]_A[9]_LessThan_2_o> created at line 28
    Summary:
	inferred   2 Comparator(s).
	inferred   1 Multiplexer(s).
Unit <LST> synthesized.

Synthesizing Unit <CompareGRT>.
    Related source file is "C:\Users\kalvi_000\Desktop\Lab08\kjb5568_rjl5336_library\CompareGRT.vhd".
        n = 10
    Found 10-bit comparator greater for signal <B[9]_A[9]_LessThan_1_o> created at line 36
    Found 10-bit comparator lessequal for signal <A[9]_B[9]_LessThan_2_o> created at line 37
    Summary:
	inferred   2 Comparator(s).
	inferred   1 Multiplexer(s).
Unit <CompareGRT> synthesized.

Synthesizing Unit <DFF_CE>.
    Related source file is "C:\Users\kalvi_000\Desktop\Lab08\kjb5568_rjl5336_library\DFF_enable.vhd".
    Found 1-bit register for signal <Q>.
    Summary:
	inferred   1 D-type flip-flop(s).
Unit <DFF_CE> synthesized.

=========================================================================
HDL Synthesis Report

Macro Statistics
# Adders/Subtractors                                   : 3
 10-bit adder                                          : 2
 3-bit adder                                           : 1
# Registers                                            : 6
 1-bit register                                        : 3
 10-bit register                                       : 2
 3-bit register                                        : 1
# Comparators                                          : 14
 10-bit comparator equal                               : 2
 10-bit comparator greater                             : 6
 10-bit comparator lessequal                           : 6
# Multiplexers                                         : 7
 1-bit 2-to-1 multiplexer                              : 6
 12-bit 2-to-1 multiplexer                             : 1

=========================================================================

=========================================================================
*                       Advanced HDL Synthesis                          *
=========================================================================


Synthesizing (advanced) Unit <Counter_nbit>.
The following registers are absorbed into counter <count>: 1 register on signal <count>.
Unit <Counter_nbit> synthesized (advanced).

Synthesizing (advanced) Unit <pulse_gen>.
The following registers are absorbed into counter <count>: 1 register on signal <count>.
Unit <pulse_gen> synthesized (advanced).

=========================================================================
Advanced HDL Synthesis Report

Macro Statistics
# Counters                                             : 3
 10-bit up counter                                     : 2
 3-bit up counter                                      : 1
# Registers                                            : 3
 Flip-Flops                                            : 3
# Comparators                                          : 14
 10-bit comparator equal                               : 2
 10-bit comparator greater                             : 6
 10-bit comparator lessequal                           : 6
# Multiplexers                                         : 1
 12-bit 2-to-1 multiplexer                             : 1

=========================================================================

=========================================================================
*                         Low Level Synthesis                           *
=========================================================================

Optimizing unit <Lab08_kjb5568_rjl5336> ...

Optimizing unit <VGA_Control> ...
WARNING:Xst:1426 - The value init of the FF/Latch hold_Vsync/Q hinder the constant cleaning in the block VGA_Control.
   You should achieve better results by setting this init to 1.
WARNING:Xst:1426 - The value init of the FF/Latch hold_Vsync/Q hinder the constant cleaning in the block VGA_Control.
   You should achieve better results by setting this init to 1.
WARNING:Xst:1710 - FF/Latch <Inst_VGA_Control/Pulse25/count_2> (without init value) has a constant value of 0 in block <Lab08_kjb5568_rjl5336>. This FF/Latch will be trimmed during the optimization process.

Mapping all equations...
Building and optimizing final netlist ...
Found area constraint ratio of 100 (+ 5) on block Lab08_kjb5568_rjl5336, actual ratio is 0.

Final Macro Processing ...

=========================================================================
Final Register Report

Macro Statistics
# Registers                                            : 25
 Flip-Flops                                            : 25

=========================================================================

=========================================================================
*                           Partition Report                            *
=========================================================================

Partition Implementation Status
-------------------------------

  No Partitions were found in this design.

-------------------------------

=========================================================================
*                            Design Summary                             *
=========================================================================

Top Level Output File Name         : Lab08_kjb5568_rjl5336.ngc

Primitive and Black Box Usage:
------------------------------
# BELS                             : 90
#      GND                         : 1
#      INV                         : 3
#      LUT1                        : 18
#      LUT2                        : 14
#      LUT3                        : 2
#      LUT4                        : 2
#      LUT5                        : 2
#      LUT6                        : 9
#      MUXCY                       : 18
#      VCC                         : 1
#      XORCY                       : 20
# FlipFlops/Latches                : 25
#      FD                          : 1
#      FDE                         : 3
#      FDR                         : 2
#      FDRE                        : 19
# Clock Buffers                    : 1
#      BUFGP                       : 1
# IO Buffers                       : 26
#      IBUF                        : 12
#      OBUF                        : 14

Device utilization summary:
---------------------------

Selected Device : 7a100tcsg324-1 


Slice Logic Utilization: 
 Number of Slice Registers:              25  out of  126800     0%  
 Number of Slice LUTs:                   50  out of  63400     0%  
    Number used as Logic:                50  out of  63400     0%  

Slice Logic Distribution: 
 Number of LUT Flip Flop pairs used:     51
   Number with an unused Flip Flop:      26  out of     51    50%  
   Number with an unused LUT:             1  out of     51     1%  
   Number of fully used LUT-FF pairs:    24  out of     51    47%  
   Number of unique control sets:         5

IO Utilization: 
 Number of IOs:                          31
 Number of bonded IOBs:                  27  out of    210    12%  

Specific Feature Utilization:
 Number of BUFG/BUFGCTRLs:                1  out of     32     3%  

---------------------------
Partition Resource Summary:
---------------------------

  No Partitions were found in this design.

---------------------------


=========================================================================
Timing Report

NOTE: THESE TIMING NUMBERS ARE ONLY A SYNTHESIS ESTIMATE.
      FOR ACCURATE TIMING INFORMATION PLEASE REFER TO THE TRACE REPORT
      GENERATED AFTER PLACE-and-ROUTE.

Clock Information:
------------------
-----------------------------------+------------------------+-------+
Clock Signal                       | Clock buffer(FF name)  | Load  |
-----------------------------------+------------------------+-------+
Clk                                | BUFGP                  | 25    |
-----------------------------------+------------------------+-------+

Asynchronous Control Signals Information:
----------------------------------------
No asynchronous control signals found in this design

Timing Summary:
---------------
Speed Grade: -1

   Minimum period: 3.353ns (Maximum Frequency: 298.240MHz)
   Minimum input arrival time before clock: No path found
   Maximum output required time after clock: 1.609ns
   Maximum combinational path delay: 0.945ns

Timing Details:
---------------
All values displayed in nanoseconds (ns)

=========================================================================
Timing constraint: Default period analysis for Clock 'Clk'
  Clock period: 3.353ns (frequency: 298.240MHz)
  Total number of paths / destination ports: 644 / 67
-------------------------------------------------------------------------
Delay:               3.353ns (Levels of Logic = 2)
  Source:            Inst_VGA_Control/Vcount/count_0 (FF)
  Destination:       Inst_VGA_Control/Vcount/count_9 (FF)
  Source Clock:      Clk rising
  Destination Clock: Clk rising

  Data Path: Inst_VGA_Control/Vcount/count_0 to Inst_VGA_Control/Vcount/count_9
                                Gate     Net
    Cell:in->out      fanout   Delay   Delay  Logical Name (Net Name)
    ----------------------------------------  ------------
     FD:C->Q               4   0.478   0.959  Inst_VGA_Control/Vcount/count_0 (Inst_VGA_Control/Vcount/count_0)
     LUT6:I0->O            1   0.124   0.716  Inst_VGA_Control/Vcount_clear_SW0 (N2)
     LUT6:I3->O           10   0.124   0.458  Inst_VGA_Control/Vcount_clear (Inst_VGA_Control/Vcount_clear)
     FDRE:R                    0.494          Inst_VGA_Control/Vcount/count_1
    ----------------------------------------
    Total                      3.353ns (1.220ns logic, 2.133ns route)
                                       (36.4% logic, 63.6% route)

=========================================================================
Timing constraint: Default OFFSET OUT AFTER for Clock 'Clk'
  Total number of paths / destination ports: 14 / 14
-------------------------------------------------------------------------
Offset:              1.609ns (Levels of Logic = 2)
  Source:            Inst_VGA_Control/hold_rgb_enable/Q (FF)
  Destination:       RGB_out<11> (PAD)
  Source Clock:      Clk rising

  Data Path: Inst_VGA_Control/hold_rgb_enable/Q to RGB_out<11>
                                Gate     Net
    Cell:in->out      fanout   Delay   Delay  Logical Name (Net Name)
    ----------------------------------------  ------------
     FDE:C->Q             12   0.478   0.608  Inst_VGA_Control/hold_rgb_enable/Q (Inst_VGA_Control/hold_rgb_enable/Q)
     LUT2:I0->O            1   0.124   0.399  Inst_VGA_Control/Mmux_RGB_out13 (RGB_out_0_OBUF)
     OBUF:I->O                 0.000          RGB_out_0_OBUF (RGB_out<0>)
    ----------------------------------------
    Total                      1.609ns (0.602ns logic, 1.007ns route)
                                       (37.4% logic, 62.6% route)

=========================================================================
Timing constraint: Default path analysis
  Total number of paths / destination ports: 12 / 12
-------------------------------------------------------------------------
Delay:               0.945ns (Levels of Logic = 3)
  Source:            Switch<11> (PAD)
  Destination:       RGB_out<11> (PAD)

  Data Path: Switch<11> to RGB_out<11>
                                Gate     Net
    Cell:in->out      fanout   Delay   Delay  Logical Name (Net Name)
    ----------------------------------------  ------------
     IBUF:I->O             1   0.001   0.421  Switch_11_IBUF (Switch_11_IBUF)
     LUT2:I1->O            1   0.124   0.399  Inst_VGA_Control/Mmux_RGB_out31 (RGB_out_11_OBUF)
     OBUF:I->O                 0.000          RGB_out_11_OBUF (RGB_out<11>)
    ----------------------------------------
    Total                      0.945ns (0.125ns logic, 0.820ns route)
                                       (13.2% logic, 86.8% route)

=========================================================================

Cross Clock Domains Report:
--------------------------

Clock to Setup on destination clock Clk
---------------+---------+---------+---------+---------+
               | Src:Rise| Src:Fall| Src:Rise| Src:Fall|
Source Clock   |Dest:Rise|Dest:Rise|Dest:Fall|Dest:Fall|
---------------+---------+---------+---------+---------+
Clk            |    3.353|         |         |         |
---------------+---------+---------+---------+---------+

=========================================================================


Total REAL time to Xst completion: 10.00 secs
Total CPU time to Xst completion: 9.61 secs
 
--> 

Total memory usage is 405972 kilobytes

Number of errors   :    0 (   0 filtered)
Number of warnings :    4 (   0 filtered)
Number of infos    :    2 (   0 filtered)

